// Jest Snapshot v1, https://goo.gl/fbAQLP

exports[`WalletPicker matches snapshot 1`] = `
<div
  className=""
>
  <ul>
    <li
      onClick={[Function]}
    >
      <p
        data-testid="name"
      >
        EUR
      </p>
      <p
        data-testid="longName"
      >
        Euro
      </p>
      <p
        data-testid="balance"
      >
        €
         
        10
      </p>
    </li>
    <li
      onClick={[Function]}
    >
      <p
        data-testid="name"
      >
        GBP
      </p>
      <p
        data-testid="longName"
      >
        British Pounds
      </p>
      <p
        data-testid="balance"
      >
        £
         
        20
      </p>
    </li>
    <li
      onClick={[Function]}
    >
      <p
        data-testid="name"
      >
        USD
      </p>
      <p
        data-testid="longName"
      >
        US Dollars
      </p>
      <p
        data-testid="balance"
      >
        $
         
        30
      </p>
    </li>
  </ul>
</div>
`;
