// Jest Snapshot v1, https://goo.gl/fbAQLP

exports[`ExchangeItem matches snapshot 1`] = `
.c4 {
  -webkit-flex: 1;
  -ms-flex: 1;
  flex: 1;
  border: none;
  text-align: right;
  font-size: 1.3em;
  padding: 10px;
  border-radius: 5px;
  -moz-appearance: textfield;
}

.c4::-webkit-outer-spin-button,
.c4::-webkit-inner-spin-button {
  -webkit-appearance: none;
  margin: 0;
}

.c2 {
  border: 1px solid #157ae2;
  color: #157ae2;
  background-color: white;
  padding: 10px;
  border-radius: 5px;
  cursor: pointer;
  font-weight: 500;
}

.c2:hover {
  color: white;
  background-color: #157ae2;
}

.c2:disabled,
.c2[disabled],
.c2:disabled:hover,
.c2[disabled]:hover {
  cursor: unset;
  color: #777;
  border-color: #777;
  background-color: white;
}

.c0 {
  padding: 10px;
  border: 1px solid #ccc;
  border-radius: 5px;
  display: -webkit-box;
  display: -webkit-flex;
  display: -ms-flexbox;
  display: flex;
  -webkit-flex-direction: column;
  -ms-flex-direction: column;
  flex-direction: column;
  gap: 10px;
}

.c0.error {
  border-color: #e21534;
}

.c1 {
  display: -webkit-box;
  display: -webkit-flex;
  display: -ms-flexbox;
  display: flex;
  -webkit-flex-direction: row;
  -ms-flex-direction: row;
  flex-direction: row;
  gap: 10px;
}

.c5 {
  display: -webkit-box;
  display: -webkit-flex;
  display: -ms-flexbox;
  display: flex;
  -webkit-flex-direction: row;
  -ms-flex-direction: row;
  flex-direction: row;
  -webkit-box-pack: justify;
  -webkit-justify-content: space-between;
  -ms-flex-pack: justify;
  justify-content: space-between;
}

.c3::after {
  content: '⮁';
  margin-left: 10px;
}

.c6 {
  font-size: 0.8em;
  margin: 0;
  color: #777;
}

<div
  className="c0"
>
  <div
    className="c1"
  >
    <button
      className="c2 c3"
      onClick={[Function]}
    >
      EUR
    </button>
    <input
      className="c4"
      data-testid="amount"
      onChange={[Function]}
      placeholder="0"
      step="0.01"
      type="number"
      value=""
    />
  </div>
  <div
    className="c5"
  >
    <p
      className="c6"
    >
      Balance:
      €
      10
    </p>
  </div>
</div>
`;
