// Jest Snapshot v1, https://goo.gl/fbAQLP

exports[`Exchange matches snapshot 1`] = `
.c8 {
  -webkit-flex: 1;
  -ms-flex: 1;
  flex: 1;
  border: none;
  text-align: right;
  font-size: 1.3em;
  padding: 10px;
  border-radius: 5px;
  -moz-appearance: textfield;
}

.c8::-webkit-outer-spin-button,
.c8::-webkit-inner-spin-button {
  -webkit-appearance: none;
  margin: 0;
}

.c0 {
  display: -webkit-box;
  display: -webkit-flex;
  display: -ms-flexbox;
  display: flex;
  -webkit-flex-direction: column;
  -ms-flex-direction: column;
  flex-direction: column;
  padding: 50px;
  border: 2px solid #157ae2;
  border-radius: 10px;
  width: 500px;
  color: #222;
  gap: 20px;
}

.c1 {
  display: -webkit-box;
  display: -webkit-flex;
  display: -ms-flexbox;
  display: flex;
  -webkit-flex-direction: column;
  -ms-flex-direction: column;
  flex-direction: column;
  gap: 5px;
}

.c2 {
  margin: 0;
  color: #222;
}

.c3 {
  margin: 0;
  color: #777;
  font-size: 0.8em;
}

.c6 {
  border: 1px solid #157ae2;
  color: #157ae2;
  background-color: white;
  padding: 10px;
  border-radius: 5px;
  cursor: pointer;
  font-weight: 500;
}

.c6:hover {
  color: white;
  background-color: #157ae2;
}

.c6:disabled,
.c6[disabled],
.c6:disabled:hover,
.c6[disabled]:hover {
  cursor: unset;
  color: #777;
  border-color: #777;
  background-color: white;
}

.c11 {
  width: 100%;
}

.c10 {
  border-color: #777;
  color: #777;
  font-size: 1.2em;
}

.c10:hover {
  border-color: #157ae2;
  color: #157ae2;
  background-color: white;
}

.c4 {
  padding: 10px;
  border: 1px solid #ccc;
  border-radius: 5px;
  display: -webkit-box;
  display: -webkit-flex;
  display: -ms-flexbox;
  display: flex;
  -webkit-flex-direction: column;
  -ms-flex-direction: column;
  flex-direction: column;
  gap: 10px;
}

.c5 {
  display: -webkit-box;
  display: -webkit-flex;
  display: -ms-flexbox;
  display: flex;
  -webkit-flex-direction: row;
  -ms-flex-direction: row;
  flex-direction: row;
  gap: 10px;
}

.c7::after {
  content: '⮁';
  margin-left: 10px;
}

.c9 {
  font-size: 0.8em;
  margin: 0;
  color: #777;
}

<div
  className="c0"
>
  <div
    className="c1"
  >
    <h1
      className="c2"
      data-testid="header"
    >
      Sell
       
      EUR
    </h1>
    <p
      className="c3"
      data-testid="exchangeRate"
    >
      €
      1 =
       
      £
      0.85
    </p>
  </div>
  <div
    className="c4"
  >
    <div
      className="c5"
    >
      <button
        className="c6 c7"
        onClick={[Function]}
      >
        EUR
      </button>
      <input
        className="c8"
        onChange={[Function]}
        placeholder="0"
        step="0.01"
        type="number"
        value=""
      />
    </div>
    <p
      className="c9"
    >
      Balance:
      €
      10
    </p>
    
  </div>
  <button
    className="c6 c10"
    data-testid="directionButton"
    onClick={[Function]}
  >
    ↓
  </button>
  <div
    className="c4"
  >
    <div
      className="c5"
    >
      <button
        className="c6 c7"
        onClick={[Function]}
      >
        GBP
      </button>
      <input
        className="c8"
        onChange={[Function]}
        placeholder="0"
        step="0.01"
        type="number"
        value=""
      />
    </div>
    <p
      className="c9"
    >
      Balance:
      £
      20
    </p>
    
  </div>
  <button
    className="c6 c11"
    data-testid="exchangeButton"
    disabled={true}
    onClick={[Function]}
  >
    Sell
     
    EUR
     
    for
     
    GBP
  </button>
</div>
`;
