// Jest Snapshot v1, https://goo.gl/fbAQLP

exports[`Exchange matches snapshot 1`] = `
<div
  className=""
>
  <h1
    data-testid="header"
  >
    Sell
     
    EUR
  </h1>
  <p
    data-testid="exchangeRate"
  >
    €
    1 = 
    $
    1.16
  </p>
  <div>
    <button
      onClick={[Function]}
    >
      EUR
    </button>
    <p>
      Balance: 
      10
    </p>
    <input
      onChange={[Function]}
      placeholder="0"
      type="number"
      value={0}
    />
  </div>
  <button
    data-testid="directionButton"
    onClick={[Function]}
  >
    ↓
  </button>
  <div>
    <button
      onClick={[Function]}
    >
      USD
    </button>
    <p>
      Balance: 
      30
    </p>
    <input
      onChange={[Function]}
      placeholder="0"
      type="number"
      value={0}
    />
  </div>
  <button
    data-testid="exchangeButton"
  >
    Sell
     
    EUR
     
    for
     
    USD
  </button>
</div>
`;
